
> proyecto-electoral@0.0.0 build
> tsc -b && vite build

src/components/DigitalCommunicationsDashboard.tsx(6,15): error TS6133: 'FileText' is declared but its value is never read.
src/components/DigitalCommunicationsDashboard.tsx(6,25): error TS6133: 'Calendar' is declared but its value is never read.
src/components/DigitalCommunicationsDashboard.tsx(6,35): error TS6133: 'BarChart3' is declared but its value is never read.
src/components/DigitalCommunicationsDashboard.tsx(6,53): error TS6133: 'Filter' is declared but its value is never read.
src/components/DigitalCommunicationsDashboard.tsx(67,23): error TS6133: 'setAudioFile' is declared but its value is never read.
src/components/DigitalCommunicationsDashboard.tsx(69,12): error TS6133: 'activeDeviceId' is declared but its value is never read.
src/components/DigitalCommunicationsDashboard.tsx(70,22): error TS6133: 'setAmdDelay' is declared but its value is never read.
src/components/DigitalCommunicationsDashboard.tsx(71,12): error TS6133: 'socialAccounts' is declared but its value is never read.
src/components/DigitalCommunicationsDashboard.tsx(189,34): error TS18047: 'user' is possibly 'null'.
src/components/MapView.tsx(97,12): error TS6133: 'onlineUsers' is declared but its value is never read.
src/components/MapView.tsx(97,25): error TS6133: 'setOnlineUsers' is declared but its value is never read.
